[2026-08-12 07:32:06.782] [info] [thread 17731] Server listening on port 9000
[2026-08-12 07:32:12.954] [info] [thread 17732] 
Shutting down...
[2026-08-12 07:32:12.955] [info] [thread 17731] Server exited cleanly.
[2026-08-14 03:02:34.286] [info] [thread 5913] Server listening on port 9000
[2026-08-14 03:03:09.545] [info] [thread 5915] 
Shutting down...
[2026-08-14 03:03:09.546] [info] [thread 5913] Server exited cleanly.
[2026-08-14 03:03:22.695] [info] [thread 6163] Server listening on port 9000
[2026-08-14 03:03:42.459] [info] [thread 6164] 
Shutting down...
[2026-08-14 03:03:42.459] [info] [thread 6163] Server exited cleanly.
[2026-08-14 03:04:05.990] [info] [thread 6428] Server listening on port 9000
[2026-08-14 03:04:15.555] [info] [thread 6432] 
Shutting down...
[2026-08-14 03:04:15.556] [info] [thread 6428] Server exited cleanly.
[2026-08-14 03:18:48.624] [info] [thread 6627] Server listening on port 9000
[2026-08-14 03:19:21.045] [info] [thread 6631] Login: 111 (id=2)
[2026-08-14 03:19:37.752] [debug] [thread 6631] 2 send a message to 1
[2026-08-14 03:20:08.760] [debug] [thread 6631] user: 2 sent a request to get history message with peer-1
[2026-08-14 03:20:19.613] [info] [thread 6628] 
Shutting down...
[2026-08-14 03:20:19.615] [info] [thread 6627] Server exited cleanly.
[2026-08-14 03:25:09.575] [info] [thread 8095] Server listening on port 9000
[2026-08-14 03:25:19.826] [info] [thread 8099] 
Shutting down...
[2026-08-14 03:25:19.827] [info] [thread 8095] Server exited cleanly.
[2026-08-14 03:25:30.780] [info] [thread 8262] Server listening on port 9000
[2026-08-14 03:25:37.921] [info] [thread 8265] 
Shutting down...
[2026-08-14 03:25:37.924] [info] [thread 8262] Server exited cleanly.
[2026-08-14 03:25:39.846] [info] [thread 8362] Server listening on port 9000
[2026-08-14 03:25:48.466] [info] [thread 8364] 
Shutting down...
[2026-08-14 03:25:48.467] [info] [thread 8362] Server exited cleanly.
[2026-08-14 03:25:54.130] [info] [thread 8454] Server listening on port 9000
[2026-08-14 03:26:03.148] [info] [thread 8457] 
Shutting down...
[2026-08-14 03:26:03.149] [info] [thread 8454] Server exited cleanly.
[2026-08-25 07:36:40.444] [info] [thread 3201] Server listening on port 9000
[2026-08-25 07:38:27.678] [info] [thread 3203] 
Shutting down...
[2026-08-25 07:38:27.688] [info] [thread 3201] Server exited cleanly.
[2026-08-25 17:49:46.692] [info] [thread 5262] Server listening on port 9000
[2026-08-25 17:50:02.717] [info] [thread 5266] Login failed (bad pw): admin
[2026-08-25 17:50:08.801] [info] [thread 5265] Login: admin (id=1)
[2026-08-25 17:50:30.507] [info] [thread 5266] Login: 111 (id=2)
[2026-08-25 17:57:27.949] [info] [thread 5264] Register 222 status: 2
[2026-08-25 17:57:33.902] [info] [thread 5266] Register 222 status: 2
[2026-08-25 17:57:44.397] [info] [thread 5267] Register 222 status: 2
[2026-08-25 17:57:48.386] [info] [thread 5265] Register 222 status: 2
[2026-08-25 17:58:05.349] [info] [thread 5267] Register 333 status: 0
[2026-08-25 17:58:07.498] [info] [thread 5264] Login: 333 (id=4)
[2026-08-25 18:07:30.110] [info] [thread 5265] Login failed (bad pw): admin
[2026-08-25 18:07:35.337] [info] [thread 5266] Login failed (bad pw): admin
[2026-08-25 18:07:48.534] [info] [thread 5264] Login failed (bad pw): admin
[2026-08-25 18:07:56.386] [info] [thread 5265] Login failed (no user): admin3
[2026-08-25 18:09:01.543] [info] [thread 5264] Login failed (no user): admin3
[2026-08-25 18:09:12.423] [info] [thread 5266] Register admin3 status: 0
[2026-08-25 18:09:16.781] [info] [thread 5267] Login: admin3 (id=5)
[2026-08-25 18:09:42.327] [info] [thread 5266] Login failed (no user): 123
[2026-08-25 18:18:03.317] [info] [thread 5264] Register admin status: 2
[2026-08-25 18:18:15.366] [info] [thread 5267] Login failed (bad pw): admin
[2026-08-25 18:18:17.358] [info] [thread 5265] Login failed (bad pw): admin
[2026-08-25 18:18:28.291] [info] [thread 5264] Register admin status: 2
[2026-08-25 18:19:02.915] [info] [thread 5266] Register admin status: 2
[2026-08-25 18:19:11.616] [info] [thread 5265] Login failed (bad pw): admin
[2026-08-25 18:20:56.216] [info] [thread 5264] Register admin status: 2
[2026-08-25 18:21:14.739] [info] [thread 5267] Register admin status: 2
[2026-08-25 18:21:28.722] [info] [thread 5266] Login failed (bad pw): admin
[2026-08-25 18:21:32.603] [info] [thread 5264] Register admin status: 2
[2026-08-25 18:21:42.053] [info] [thread 5266] Register 333 status: 2
[2026-08-25 18:21:52.195] [info] [thread 5265] Register 555 status: 0
[2026-08-25 18:21:54.745] [info] [thread 5267] Login: 555 (id=6)
[2026-08-25 18:30:42.890] [info] [thread 5267] Login failed (no user): adni
[2026-08-25 18:30:56.396] [info] [thread 5264] Login: admin (id=1)
[2026-08-25 18:31:47.666] [info] [thread 5264] Login: 111 (id=2)
[2026-08-25 18:41:36.245] [info] [thread 5265] 
Shutting down...
[2026-08-25 18:41:36.246] [info] [thread 5262] Server exited cleanly.
[2026-08-25 18:42:08.213] [info] [thread 7426] Server listening on port 9000
[2026-08-25 18:42:23.819] [info] [thread 7428] Login: admin (id=1)
[2026-08-26 07:12:37.010] [info] [thread 7430] Login: admin (id=1)
[2026-08-27 08:37:32.759] [info] [thread 3949] Server listening on port 9000
[2026-08-27 10:19:32.258] [info] [thread 3954] 
Shutting down...
[2026-08-27 10:19:32.265] [info] [thread 3949] Server exited cleanly.
[2026-08-27 10:19:33.944] [info] [thread 8315] Server listening on port 9000
[2026-08-27 10:19:43.052] [info] [thread 8318] Login: admin (id=1)
[2026-08-27 10:23:44.671] [info] [thread 8320] Login: admin (id=1)
[2026-08-27 10:23:58.118] [info] [thread 8317] 
Shutting down...
[2026-08-27 10:23:58.119] [info] [thread 8315] Server exited cleanly.
[2026-08-27 10:24:02.559] [info] [thread 8824] Server listening on port 9000
[2026-08-27 10:24:12.029] [info] [thread 8828] Login: admin (id=1)
[2026-08-27 10:24:16.854] [info] [thread 8826] 
Shutting down...
[2026-08-27 10:24:16.855] [info] [thread 8824] Server exited cleanly.
[2026-08-27 10:29:06.536] [info] [thread 9528] Server listening on port 9000
[2026-08-27 10:29:13.766] [info] [thread 9533] Login: 111 (id=2)
[2026-08-27 10:29:13.769] [info] [thread 9531] userId: 2 request contact lists
[2026-08-27 10:32:05.997] [info] [thread 9530] 
Shutting down...
[2026-08-27 10:32:05.998] [info] [thread 9528] Server exited cleanly.
[2026-08-27 10:32:10.906] [info] [thread 9784] Server listening on port 9000
[2026-08-27 10:32:16.545] [info] [thread 9787] Login: 111 (id=2)
[2026-08-27 10:32:16.561] [info] [thread 9786] userId: 2 request contact lists
[2026-08-27 10:37:30.361] [info] [thread 9788] Login: 111 (id=2)
[2026-08-27 10:37:30.378] [info] [thread 9789] userId: 2 request contact lists
[2026-08-27 10:37:30.379] [debug] [thread 9789] user_id: "1"

[2026-08-27 10:37:32.200] [debug] [thread 9788] user: 2 sent a request to get history message with peer-1
[2026-08-27 10:42:55.250] [info] [thread 9789] Login: admin (id=1)
[2026-08-27 10:42:55.265] [info] [thread 9786] userId: 1 request contact lists
[2026-08-27 10:42:55.267] [debug] [thread 9786] user_id: "2"

[2026-08-27 10:43:04.003] [info] [thread 9789] Login: 111 (id=2)
[2026-08-27 10:43:04.020] [info] [thread 9787] userId: 2 request contact lists
[2026-08-27 10:43:04.022] [debug] [thread 9787] user_id: "1"

[2026-08-27 10:43:09.530] [debug] [thread 9788] user: 1 sent a request to get history message with peer-2
[2026-08-27 10:43:10.631] [debug] [thread 9789] user: 2 sent a request to get history message with peer-1
[2026-08-27 10:43:17.930] [debug] [thread 9788] 1 send a message to 2
[2026-08-27 12:28:28.405] [info] [thread 9786] Login failed (bad pw): admin
[2026-08-27 12:28:30.888] [info] [thread 9786] Login: admin (id=1)
[2026-08-27 12:28:30.905] [info] [thread 9789] userId: 1 request contact lists
[2026-08-27 12:28:30.911] [debug] [thread 9789] user_id: "2"
alias: "111"

[2026-08-27 12:28:45.112] [info] [thread 9789] Login: 111 (id=2)
[2026-08-27 12:28:45.128] [info] [thread 9786] userId: 2 request contact lists
[2026-08-27 12:28:45.130] [debug] [thread 9786] user_id: "1"
alias: "admin"

[2026-08-27 12:28:46.484] [debug] [thread 9786] user: 2 sent a request to get history message with peer-1
[2026-08-27 12:28:47.360] [debug] [thread 9789] user: 1 sent a request to get history message with peer-2
[2026-08-27 12:28:56.721] [debug] [thread 9789] 2 send a message to 1
[2026-08-27 12:29:57.365] [info] [thread 9787] Login: admin (id=1)
[2026-08-27 12:29:57.384] [info] [thread 9787] userId: 1 request contact lists
[2026-08-27 12:29:57.384] [debug] [thread 9787] user_id: "2"
alias: "111"

[2026-08-27 12:29:58.729] [debug] [thread 9789] user: 1 sent a request to get history message with peer-2
[2026-08-27 12:30:38.449] [debug] [thread 9788] 2 send a message to 1
[2026-08-27 12:30:49.483] [info] [thread 9789] Login: admin (id=1)
[2026-08-27 12:30:49.497] [info] [thread 9788] userId: 1 request contact lists
[2026-08-27 12:30:49.498] [debug] [thread 9788] user_id: "2"
alias: "111"

[2026-08-27 12:30:50.456] [debug] [thread 9786] user: 1 sent a request to get history message with peer-2
[2026-08-27 12:36:50.641] [info] [thread 9786] Login: 111 (id=2)
[2026-08-27 12:36:50.658] [info] [thread 9788] userId: 2 request contact lists
[2026-08-27 12:36:50.659] [debug] [thread 9788] user_id: "1"
alias: "admin"

[2026-08-27 12:36:59.690] [info] [thread 9786] Login: admin (id=1)
[2026-08-27 12:36:59.714] [info] [thread 9789] userId: 1 request contact lists
[2026-08-27 12:36:59.719] [debug] [thread 9789] user_id: "2"
alias: "111"

[2026-08-27 12:36:59.719] [debug] [thread 9789] user_id: "3"
alias: "222"

[2026-08-27 12:37:01.785] [debug] [thread 9788] user: 2 sent a request to get history message with peer-1
[2026-08-27 12:37:08.198] [debug] [thread 9788] 2 send a message to 1
[2026-08-27 12:37:09.203] [debug] [thread 9789] user: 1 sent a request to get history message with peer-2
[2026-08-27 12:37:10.930] [debug] [thread 9789] user: 1 sent a request to get history message with peer-3
[2026-08-27 12:37:23.562] [debug] [thread 9788] 1 send a message to 2
[2026-08-27 12:37:44.581] [info] [thread 9788] Login: admin (id=1)
[2026-08-27 12:37:44.586] [info] [thread 9789] userId: 1 request contact lists
[2026-08-27 12:37:44.587] [debug] [thread 9789] user_id: "2"
alias: "111"

[2026-08-27 12:37:44.587] [debug] [thread 9789] user_id: "3"
alias: "222"

[2026-08-27 12:37:45.630] [debug] [thread 9789] user: 1 sent a request to get history message with peer-2
[2026-08-27 12:57:56.809] [info] [thread 9788] Login: admin (id=1)
[2026-08-27 12:57:56.815] [info] [thread 9786] userId: 1 request contact lists
[2026-08-27 12:57:56.819] [debug] [thread 9786] user_id: "2"
alias: "111"

[2026-08-27 12:57:56.819] [debug] [thread 9786] user_id: "3"
alias: "222"

[2026-08-27 13:05:28.730] [info] [thread 9787] Login: admin (id=1)
[2026-08-27 13:05:28.746] [info] [thread 9788] userId: 1 request contact lists
[2026-08-27 13:05:28.749] [debug] [thread 9788] user_id: "2"
alias: "111"

[2026-08-27 13:05:28.749] [debug] [thread 9788] user_id: "3"
alias: "222"

[2026-08-27 13:05:32.662] [info] [thread 9789] Login: 111 (id=2)
[2026-08-27 13:05:32.668] [info] [thread 9787] userId: 2 request contact lists
[2026-08-27 13:05:32.670] [debug] [thread 9787] user_id: "1"
alias: "admin"

[2026-08-27 13:05:35.043] [debug] [thread 9788] user: 2 sent a request to get history message with peer-1
[2026-08-27 13:05:36.529] [debug] [thread 9786] user: 1 sent a request to get history message with peer-2
[2026-08-27 13:05:41.260] [debug] [thread 9787] 2 send a message to 1
[2026-08-27 13:05:42.970] [debug] [thread 9786] user: 1 sent a request to get history message with peer-3
[2026-08-27 13:05:43.702] [debug] [thread 9788] user: 1 sent a request to get history message with peer-2
[2026-08-27 13:05:48.253] [debug] [thread 9787] user: 1 sent a request to get history message with peer-3
[2026-08-27 13:05:48.666] [debug] [thread 9788] user: 1 sent a request to get history message with peer-2
[2026-08-27 13:05:54.138] [debug] [thread 9786] 2 send a message to 1
[2026-08-27 13:05:55.415] [debug] [thread 9787] user: 1 sent a request to get history message with peer-2
[2026-08-27 13:05:56.024] [debug] [thread 9788] user: 1 sent a request to get history message with peer-2
[2026-08-27 13:06:05.934] [debug] [thread 9789] 1 send a message to 2
[2026-08-27 13:06:07.422] [debug] [thread 9788] user: 1 sent a request to get history message with peer-2
[2026-08-27 13:06:25.231] [debug] [thread 9787] 1 send a message to 2
[2026-08-27 13:06:27.220] [debug] [thread 9789] 1 send a message to 2
[2026-08-27 13:06:28.717] [debug] [thread 9788] 1 send a message to 2
[2026-08-27 13:06:29.910] [debug] [thread 9789] 1 send a message to 2
[2026-08-27 13:06:30.607] [debug] [thread 9786] 1 send a message to 2
[2026-08-27 13:06:31.481] [debug] [thread 9788] 1 send a message to 2
[2026-08-27 13:06:32.144] [debug] [thread 9786] 1 send a message to 2
[2026-08-27 13:06:32.853] [debug] [thread 9789] 1 send a message to 2
[2026-08-27 13:06:33.929] [debug] [thread 9786] 1 send a message to 2
[2026-08-27 13:06:34.905] [debug] [thread 9788] user: 1 sent a request to get history message with peer-2
[2026-08-27 13:06:39.583] [debug] [thread 9789] user: 1 sent a request to get history message with peer-3
[2026-08-27 13:06:40.511] [debug] [thread 9787] user: 1 sent a request to get history message with peer-2
[2026-08-28 07:36:59.073] [info] [thread 9498] Server listening on port 9000
[2026-08-28 07:37:27.688] [info] [thread 9504] Login: 222 (id=3)
[2026-08-28 07:37:27.694] [info] [thread 9502] userId: 3 request contact lists
[2026-08-28 07:37:27.702] [debug] [thread 9502] user_id: "1"
alias: "admin"

[2026-08-28 07:37:35.297] [info] [thread 9501] Login: admin (id=1)
[2026-08-28 07:37:35.301] [info] [thread 9504] userId: 1 request contact lists
[2026-08-28 07:37:35.301] [debug] [thread 9504] user_id: "2"
alias: "111"

[2026-08-28 07:37:35.302] [debug] [thread 9504] user_id: "3"
alias: "222"

[2026-08-28 07:37:44.630] [debug] [thread 9503] user: 3 sent a request to get history message with peer-1
[2026-08-28 07:37:50.926] [debug] [thread 9502] 3 send a message to 1
[2026-08-28 07:37:52.946] [debug] [thread 9503] user: 1 sent a request to get history message with peer-3
[2026-08-28 07:37:54.690] [debug] [thread 9503] user: 1 sent a request to get history message with peer-2
[2026-08-28 07:37:55.495] [debug] [thread 9502] user: 1 sent a request to get history message with peer-3
[2026-08-28 07:38:01.132] [debug] [thread 9503] user: 1 sent a request to get history message with peer-2
[2026-08-28 07:38:06.675] [debug] [thread 9501] user: 1 sent a request to get history message with peer-3
[2026-08-28 07:38:08.601] [debug] [thread 9501] user: 1 sent a request to get history message with peer-2
[2026-08-28 07:38:30.149] [debug] [thread 9504] user: 3 sent a request to get history message with peer-1
[2026-08-28 08:33:37.339] [info] [thread 9503] 
Shutting down...
[2026-08-28 08:33:37.341] [info] [thread 9498] Server exited cleanly.
[2026-08-28 08:33:38.482] [info] [thread 12775] Server listening on port 9000
[2026-08-28 08:33:48.117] [info] [thread 12777] Login: 111 (id=2)
[2026-08-28 08:33:48.133] [info] [thread 12779] userId: 2 request contact lists
[2026-08-28 08:33:54.632] [info] [thread 12777] Login: admin (id=1)
[2026-08-28 08:33:54.650] [info] [thread 12779] userId: 1 request contact lists
[2026-08-28 08:33:56.628] [debug] [thread 12778] user: 1 sent a request to get history message with peer-2
[2026-08-28 08:33:57.636] [debug] [thread 12778] user: 2 sent a request to get history message with peer-1
[2026-08-28 08:34:01.262] [debug] [thread 12780] 2 send a message to 1
[2026-08-28 08:34:03.385] [debug] [thread 12777] user: 1 sent a request to get history message with peer-2
[2026-08-28 08:34:07.292] [debug] [thread 12778] user: 2 sent a request to get history message with peer-1
[2026-08-28 08:34:14.657] [debug] [thread 12780] 2 send a message to 1
[2026-08-28 08:34:18.511] [debug] [thread 12777] user: 1 sent a request to get history message with peer-2
[2026-08-28 08:34:21.558] [debug] [thread 12779] user: 2 sent a request to get history message with peer-1
[2026-08-28 08:34:29.222] [debug] [thread 12778] user: 1 sent a request to get history message with peer-2
[2026-08-28 08:34:37.464] [info] [thread 12780] 
Shutting down...
[2026-08-28 08:34:37.466] [info] [thread 12775] Server exited cleanly.
[2026-08-28 09:04:57.701] [info] [thread 13915] Server listening on port 9000
[2026-08-28 09:05:08.784] [info] [thread 13919] Login: admin (id=1)
[2026-08-28 09:05:08.801] [info] [thread 13920] userId: 1 request contact lists
[2026-08-28 09:05:13.352] [info] [thread 13919] Login: 111 (id=2)
[2026-08-28 09:05:13.368] [info] [thread 13920] userId: 2 request contact lists
[2026-08-28 09:05:16.937] [debug] [thread 13919] user: 1 sent a request to get history message with peer-2
[2026-08-28 09:05:17.604] [debug] [thread 13921] user: 2 sent a request to get history message with peer-1
[2026-08-28 09:05:20.546] [debug] [thread 13920] 1 send a message to 2
[2026-08-28 09:05:24.936] [debug] [thread 13919] 2 send a message to 1
[2026-08-28 09:05:26.179] [debug] [thread 13921] user: 2 sent a request to get history message with peer-1
[2026-08-28 09:05:30.204] [debug] [thread 13919] user: 1 sent a request to get history message with peer-2
[2026-08-28 09:05:48.138] [info] [thread 13918] 
Shutting down...
[2026-08-28 09:05:48.139] [info] [thread 13915] Server exited cleanly.
[2026-08-28 09:08:42.964] [info] [thread 14262] Server listening on port 9000
[2026-08-28 09:08:52.190] [info] [thread 14264] Login: 111 (id=2)
[2026-08-28 09:08:52.207] [info] [thread 14267] userId: 2 request contact lists
[2026-08-28 09:08:57.174] [info] [thread 14264] Login: admin (id=1)
[2026-08-28 09:08:57.191] [info] [thread 14267] userId: 1 request contact lists
[2026-08-28 09:09:00.340] [debug] [thread 14266] user: 2 sent a request to get history message with peer-1
[2026-08-28 09:09:02.652] [debug] [thread 14264] 2 send a message to 1
[2026-08-28 09:09:03.779] [debug] [thread 14265] user: 1 sent a request to get history message with peer-2
[2026-08-28 09:09:06.226] [debug] [thread 14264] 1 send a message to 2
[2026-08-28 09:09:12.351] [debug] [thread 14265] 1 send a message to 2
[2026-08-28 09:09:16.550] [debug] [thread 14267] user: 2 sent a request to get history message with peer-1
[2026-08-28 09:09:18.059] [debug] [thread 14264] user: 1 sent a request to get history message with peer-2
[2026-08-28 09:12:22.137] [info] [thread 14264] Login: 111 (id=2)
[2026-08-28 09:12:22.155] [info] [thread 14264] userId: 2 request contact lists
[2026-08-28 09:12:26.915] [info] [thread 14267] Login: admin (id=1)
[2026-08-28 09:12:26.933] [info] [thread 14265] userId: 1 request contact lists
[2026-08-28 09:12:31.132] [debug] [thread 14267] user: 2 sent a request to get history message with peer-1
[2026-08-28 09:12:32.870] [debug] [thread 14264] 2 send a message to 1
[2026-08-28 09:12:41.890] [debug] [thread 14265] 2 send a message to 1
[2026-08-28 09:12:54.788] [debug] [thread 14267] user: 1 sent a request to get history message with peer-2
[2026-08-28 09:12:56.197] [debug] [thread 14266] user: 1 sent a request to get history message with peer-3
[2026-08-28 09:12:56.579] [debug] [thread 14264] user: 1 sent a request to get history message with peer-2
[2026-08-28 09:12:57.423] [debug] [thread 14267] user: 1 sent a request to get history message with peer-3
[2026-08-28 09:13:00.819] [debug] [thread 14266] 2 send a message to 1
[2026-08-28 09:13:04.157] [debug] [thread 14264] 2 send a message to 1
[2026-08-28 09:13:06.376] [debug] [thread 14266] 2 send a message to 1
[2026-08-28 09:13:07.900] [debug] [thread 14265] user: 1 sent a request to get history message with peer-2
[2026-08-28 09:23:52.782] [info] [thread 14264] Login: admin (id=1)
[2026-08-28 09:23:52.796] [info] [thread 14266] userId: 1 request contact lists
[2026-08-28 09:23:55.341] [info] [thread 14265] Login: 111 (id=2)
[2026-08-28 09:23:55.356] [info] [thread 14267] userId: 2 request contact lists
[2026-08-28 09:23:57.903] [debug] [thread 14265] user: 2 sent a request to get history message with peer-1
[2026-08-28 09:23:59.826] [debug] [thread 14265] 2 send a message to 1
[2026-08-28 09:24:14.254] [debug] [thread 14266] user: 1 sent a request to get history message with peer-2
[2026-08-28 09:24:17.299] [debug] [thread 14267] 1 send a message to 2
[2026-08-28 09:24:27.717] [debug] [thread 14266] 1 send a message to 2
[2026-08-28 09:24:38.859] [debug] [thread 14267] 2 send a message to 1
[2026-08-28 09:29:00.091] [info] [thread 14264] Login: 111 (id=2)
[2026-08-28 09:29:00.106] [info] [thread 14267] userId: 2 request contact lists
[2026-08-28 09:29:05.095] [info] [thread 14264] Login: admin (id=1)
[2026-08-28 09:29:05.110] [info] [thread 14265] userId: 1 request contact lists
[2026-08-28 09:29:07.109] [debug] [thread 14266] user: 1 sent a request to get history message with peer-2
[2026-08-28 09:29:10.214] [debug] [thread 14265] 1 send a message to 2
[2026-08-28 09:32:25.506] [debug] [thread 14264] user: 2 sent a request to get history message with peer-1
[2026-08-28 09:32:34.873] [info] [thread 14267] Login: 111 (id=2)
[2026-08-28 09:32:34.889] [info] [thread 14266] userId: 2 request contact lists
[2026-08-28 09:32:39.725] [info] [thread 14266] Login: admin (id=1)
[2026-08-28 09:32:39.740] [info] [thread 14264] userId: 1 request contact lists
[2026-08-28 09:32:43.491] [debug] [thread 14265] user: 1 sent a request to get history message with peer-2
[2026-08-28 09:32:45.177] [debug] [thread 14266] 1 send a message to 2
[2026-08-28 09:32:46.230] [debug] [thread 14267] user: 2 sent a request to get history message with peer-1
[2026-08-28 09:32:48.748] [debug] [thread 14264] 1 send a message to 2
[2026-08-28 09:33:01.046] [debug] [thread 14267] user: 1 sent a request to get history message with peer-2
[2026-08-28 09:33:06.239] [debug] [thread 14264] user: 2 sent a request to get history message with peer-1
[2026-08-28 09:33:12.017] [debug] [thread 14266] 2 send a message to 1
[2026-08-28 09:37:54.397] [info] [thread 14264] Login: 111 (id=2)
[2026-08-28 09:37:54.413] [info] [thread 14265] userId: 2 request contact lists
[2026-08-28 09:38:01.637] [info] [thread 14264] Login: admin (id=1)
[2026-08-28 09:38:01.653] [info] [thread 14266] userId: 1 request contact lists
[2026-08-28 09:38:04.481] [debug] [thread 14265] user: 2 sent a request to get history message with peer-1
[2026-08-28 09:38:05.329] [debug] [thread 14264] user: 1 sent a request to get history message with peer-2
[2026-08-28 09:38:07.909] [debug] [thread 14265] 1 send a message to 2
[2026-08-28 09:38:18.626] [debug] [thread 14267] user: 2 sent a request to get history message with peer-1
[2026-08-28 09:38:22.235] [debug] [thread 14267] user: 1 sent a request to get history message with peer-2
[2026-08-28 09:39:52.860] [debug] [thread 14266] 2 send a message to 1
[2026-08-28 09:39:57.611] [debug] [thread 14264] 2 send a message to 1
[2026-08-28 09:40:03.972] [debug] [thread 14267] user: 1 sent a request to get history message with peer-2
[2026-08-28 09:40:07.687] [debug] [thread 14266] user: 2 sent a request to get history message with peer-1
[2026-08-28 09:42:52.639] [info] [thread 14265] Login: 111 (id=2)
[2026-08-28 09:42:52.649] [info] [thread 14266] userId: 2 request contact lists
[2026-08-28 09:43:14.977] [info] [thread 14267] Login: admin (id=1)
[2026-08-28 09:43:14.997] [info] [thread 14266] userId: 1 request contact lists
[2026-08-28 09:43:18.549] [debug] [thread 14265] user: 1 sent a request to get history message with peer-2
[2026-08-28 09:43:20.175] [debug] [thread 14267] 1 send a message to 2
[2026-08-28 09:43:25.303] [debug] [thread 14264] user: 2 sent a request to get history message with peer-1
[2026-08-28 09:43:31.174] [debug] [thread 14264] 2 send a message to 1
[2026-08-28 09:44:06.239] [info] [thread 14264] Login: 111 (id=2)
[2026-08-28 09:44:06.258] [info] [thread 14267] userId: 2 request contact lists
[2026-08-28 09:44:10.253] [info] [thread 14266] Login: admin (id=1)
[2026-08-28 09:44:10.255] [info] [thread 14264] userId: 1 request contact lists
[2026-08-28 09:44:12.013] [debug] [thread 14266] user: 1 sent a request to get history message with peer-2
[2026-08-28 09:44:13.499] [debug] [thread 14264] 1 send a message to 2
[2026-08-28 09:44:15.600] [debug] [thread 14265] user: 2 sent a request to get history message with peer-1
[2026-08-28 09:44:17.843] [debug] [thread 14267] 1 send a message to 2
[2026-08-28 09:44:32.500] [debug] [thread 14265] 2 send a message to 1
[2026-08-28 09:44:36.478] [debug] [thread 14266] 2 send a message to 1
[2026-08-28 09:44:51.904] [debug] [thread 14267] 2 send a message to 1
[2026-08-28 09:44:53.477] [debug] [thread 14265] 2 send a message to 1
[2026-08-28 09:48:00.493] [info] [thread 14266] Login: 111 (id=2)
[2026-08-28 09:48:00.509] [info] [thread 14264] userId: 2 request contact lists
[2026-08-28 09:48:05.223] [info] [thread 14265] Login: admin (id=1)
[2026-08-28 09:48:05.227] [info] [thread 14264] userId: 1 request contact lists
[2026-08-28 09:48:08.287] [debug] [thread 14267] user: 2 sent a request to get history message with peer-1
[2026-08-28 09:48:09.111] [debug] [thread 14264] user: 1 sent a request to get history message with peer-2
[2026-08-28 09:48:22.105] [debug] [thread 14267] 1 send a message to 2
[2026-08-28 09:48:24.794] [debug] [thread 14265] user: 1 sent a request to get history message with peer-2
[2026-08-28 09:48:32.629] [debug] [thread 14265] 2 send a message to 1
[2026-08-28 09:48:52.454] [debug] [thread 14267] user: 1 sent a request to get history message with peer-2
[2026-08-28 09:48:55.184] [debug] [thread 14265] user: 2 sent a request to get history message with peer-1
[2026-08-28 09:49:02.103] [debug] [thread 14264] 1 send a message to 2
[2026-08-28 09:49:05.511] [debug] [thread 14266] user: 2 sent a request to get history message with peer-1
[2026-08-28 09:49:09.684] [debug] [thread 14265] 2 send a message to 1
[2026-08-28 09:49:13.482] [debug] [thread 14266] user: 1 sent a request to get history message with peer-2
[2026-08-28 09:55:30.951] [info] [thread 14265] Login: 111 (id=2)
[2026-08-28 09:55:30.969] [info] [thread 14266] userId: 2 request contact lists
[2026-08-28 09:55:37.951] [info] [thread 14265] Login: admin (id=1)
[2026-08-28 09:55:37.966] [info] [thread 14265] userId: 1 request contact lists
[2026-08-28 09:55:42.286] [debug] [thread 14266] user: 2 sent a request to get history message with peer-1
[2026-08-28 09:55:44.391] [debug] [thread 14266] 2 send a message to 1
[2026-08-28 09:55:46.714] [debug] [thread 14267] user: 1 sent a request to get history message with peer-2
[2026-08-28 09:55:48.864] [debug] [thread 14264] 1 send a message to 2
[2026-08-28 09:55:52.214] [debug] [thread 14266] 1 send a message to 2
[2026-08-28 09:55:53.838] [debug] [thread 14267] 1 send a message to 2
[2026-08-28 09:55:56.962] [debug] [thread 14264] 2 send a message to 1
[2026-08-28 09:55:58.179] [debug] [thread 14267] 2 send a message to 1
[2026-08-28 09:55:58.877] [debug] [thread 14264] 2 send a message to 1
[2026-08-28 09:55:59.836] [debug] [thread 14265] 2 send a message to 1
[2026-08-28 09:56:04.626] [debug] [thread 14266] 1 send a message to 2
[2026-08-28 09:56:05.402] [debug] [thread 14267] 1 send a message to 2
[2026-08-28 09:56:06.638] [debug] [thread 14264] 1 send a message to 2
[2026-08-28 09:56:09.497] [debug] [thread 14265] 2 send a message to 1
[2026-08-28 09:56:10.354] [debug] [thread 14264] 2 send a message to 1
[2026-08-28 09:56:11.717] [debug] [thread 14266] 2 send a message to 1
[2026-08-28 09:56:15.597] [debug] [thread 14265] 1 send a message to 2
[2026-08-28 09:56:16.518] [debug] [thread 14267] 1 send a message to 2
[2026-08-28 09:56:17.586] [debug] [thread 14264] user: 1 sent a request to get history message with peer-2
[2026-08-28 09:56:23.246] [debug] [thread 14265] user: 2 sent a request to get history message with peer-1
[2026-08-28 09:56:26.688] [debug] [thread 14265] 1 send a message to 2
[2026-08-28 09:56:27.527] [debug] [thread 14266] 1 send a message to 2
[2026-08-28 09:56:28.158] [debug] [thread 14264] 1 send a message to 2
[2026-08-28 09:56:31.103] [debug] [thread 14266] 2 send a message to 1
[2026-08-28 09:56:31.953] [debug] [thread 14267] 2 send a message to 1
[2026-08-28 09:56:32.784] [debug] [thread 14265] 2 send a message to 1
